Optimizing Linkage Editor (V.10.02.00.000)        19-Nov-2016 15:00:05

*** Options ***

-subcommand=C:\githubwork\rx631_sample\rx631_sample\Release\rx631_sample.hlk
-noprelink
-nodebug
-rom=D=R,D_1=R_1,D_2=R_2
-nomessage
-list="C:\githubwork\rx631_sample\rx631_sample\Release\rx631_sample.map"
-optimize=safe
-start=B_1,R_1,B_2,R_2,B,R,SU,SI/01000,PResetPRG/0FFE00000,C_1,C_2,C,C$*,D_1,D_2,D,P,PIntPRG,W*,L/0FFE00100,FIXEDVECT/0FFFFFFD0
-nologo
-input="C:\githubwork\rx631_sample\rx631_sample\Release\clock.obj"
-input="C:\githubwork\rx631_sample\rx631_sample\Release\dac.obj"
-input="C:\githubwork\rx631_sample\rx631_sample\Release\dbsct.obj"
-input="C:\githubwork\rx631_sample\rx631_sample\Release\dft.obj"
-input="C:\githubwork\rx631_sample\rx631_sample\Release\fft_n_small.obj"
-input="C:\githubwork\rx631_sample\rx631_sample\Release\fft_real_n_recur.obj"
-input="C:\githubwork\rx631_sample\rx631_sample\Release\hwsetup.obj"
-input="C:\githubwork\rx631_sample\rx631_sample\Release\hwsetup_rx631.obj"
-input="C:\githubwork\rx631_sample\rx631_sample\Release\intprg.obj"
-input="C:\githubwork\rx631_sample\rx631_sample\Release\port.obj"
-input="C:\githubwork\rx631_sample\rx631_sample\Release\resetprg.obj"
-input="C:\githubwork\rx631_sample\rx631_sample\Release\rx631_sample.obj"
-input="C:\githubwork\rx631_sample\rx631_sample\Release\sbrk.obj"
-input="C:\githubwork\rx631_sample\rx631_sample\Release\sci.obj"
-input="C:\githubwork\rx631_sample\rx631_sample\Release\stack_var_adrs.obj"
-input="C:\githubwork\rx631_sample\rx631_sample\Release\tpu.obj"
-input="C:\githubwork\rx631_sample\rx631_sample\Release\util.obj"
-input="C:\githubwork\rx631_sample\rx631_sample\Release\vecttbl.obj"
-library="C:\githubwork\rx631_sample\rx631_sample\Release\rx631_sample.lib"
-output="C:\githubwork\rx631_sample\rx631_sample\Release\rx631_sample.abs"
-end

*** Error information ***

*** Mapping List ***

SECTION                            START      END         SIZE   ALIGN

B_1
                                  00001000  00002950      1951   1
R_1
                                  00002951  000029a1        51   1
B_2
                                  000029a2  000029a2         0   2
R_2
                                  000029a2  000029a2         0   2
B
                                  000029a4  0003e4c7     3bb24   4
R
                                  0003e4c8  0003e78b       2c4   4
SU
                                  0003e78c  0003f38b       c00   4
SI
                                  0003f38c  0003f68b       300   4
PResetPRG
                                  ffe00000  ffe00034        35   1
C_1
                                  ffe00100  ffe0065a       55b   1
C_2
                                  ffe0065c  ffe0085d       202   2
C
                                  ffe00860  ffe00a67       208   4
C$DSEC
                                  ffe00a68  ffe00a8b        24   4
C$BSEC
                                  ffe00a8c  ffe00aa3        18   4
C$VECT
                                  ffe00aa4  ffe00ea3       400   4
D_1
                                  ffe00ea4  ffe00ef4        51   1
D_2
                                  ffe00ef6  ffe00ef6         0   2
D
                                  ffe00ef8  ffe011bb       2c4   4
P
                                  ffe011bc  ffe076cd      6512   1
PIntPRG
                                  ffe076ce  ffe078b1       1e4   1
W_1
                                  ffe078b2  ffe078b2         0   1
W_2
                                  ffe078b2  ffe078b2         0   2
W
                                  ffe078b4  ffe078b4         0   4
L
                                  ffe078b4  ffe08064       7b1   4
$ADDR_C_FFFFFF80
                                  ffffff80  ffffff83         4   1
FIXEDVECT
                                  ffffffd0  ffffffff        30   4
